// Jest Snapshot v1, https://goo.gl/fbAQLP

exports[`Pruebas en <FirstApp /> debe de hacer match con el snapshot 1`] = `
<div>
  <h1
    data-testid="test-title"
  >
     
    Axel Lanuza
     
  </h1>
  <p>
    No hay subtitle
  </p>
  <p>
    No hay subtitle
  </p>
  <p>
    Berenice Lanuza
  </p>
</div>
`;
